[0.661s] Invoking command in '/home/ali/ros2_ws/src/my_robot_controller': PYTHONPATH=/home/ali/ros2_ws/build/my_robot_controller/prefix_override:/usr/lib/python3/dist-packages/colcon_core/task/python/colcon_distutils_commands:/home/ali/ros2_ws/install/my_robot_controller/lib/python3.10/site-packages:${PYTHONPATH} /usr/bin/python3 -W ignore:setup.py install is deprecated -W ignore:easy_install command is deprecated setup.py egg_info --egg-base ../../build/my_robot_controller build --build-base /home/ali/ros2_ws/build/my_robot_controller/build install --record /home/ali/ros2_ws/build/my_robot_controller/install.log --single-version-externally-managed install_data
[0.888s] running egg_info
[0.888s] creating ../../build/my_robot_controller/my_robot_controller.egg-info
[0.888s] writing ../../build/my_robot_controller/my_robot_controller.egg-info/PKG-INFO
[0.888s] writing dependency_links to ../../build/my_robot_controller/my_robot_controller.egg-info/dependency_links.txt
[0.888s] writing entry points to ../../build/my_robot_controller/my_robot_controller.egg-info/entry_points.txt
[0.889s] writing requirements to ../../build/my_robot_controller/my_robot_controller.egg-info/requires.txt
[0.889s] writing top-level names to ../../build/my_robot_controller/my_robot_controller.egg-info/top_level.txt
[0.889s] writing manifest file '../../build/my_robot_controller/my_robot_controller.egg-info/SOURCES.txt'
[0.890s] reading manifest file '../../build/my_robot_controller/my_robot_controller.egg-info/SOURCES.txt'
[0.891s] writing manifest file '../../build/my_robot_controller/my_robot_controller.egg-info/SOURCES.txt'
[0.891s] running build
[0.891s] running build_py
[0.891s] creating /home/ali/ros2_ws/build/my_robot_controller/build
[0.891s] creating /home/ali/ros2_ws/build/my_robot_controller/build/lib
[0.891s] creating /home/ali/ros2_ws/build/my_robot_controller/build/lib/my_robot_controller
[0.891s] copying my_robot_controller/subscriber.py -> /home/ali/ros2_ws/build/my_robot_controller/build/lib/my_robot_controller
[0.892s] copying my_robot_controller/publisher.py -> /home/ali/ros2_ws/build/my_robot_controller/build/lib/my_robot_controller
[0.892s] copying my_robot_controller/__init__.py -> /home/ali/ros2_ws/build/my_robot_controller/build/lib/my_robot_controller
[0.892s] running install
[0.892s] running install_lib
[0.893s] creating /home/ali/ros2_ws/install/my_robot_controller/lib/python3.10/site-packages/my_robot_controller
[0.893s] copying /home/ali/ros2_ws/build/my_robot_controller/build/lib/my_robot_controller/subscriber.py -> /home/ali/ros2_ws/install/my_robot_controller/lib/python3.10/site-packages/my_robot_controller
[0.893s] copying /home/ali/ros2_ws/build/my_robot_controller/build/lib/my_robot_controller/publisher.py -> /home/ali/ros2_ws/install/my_robot_controller/lib/python3.10/site-packages/my_robot_controller
[0.893s] copying /home/ali/ros2_ws/build/my_robot_controller/build/lib/my_robot_controller/__init__.py -> /home/ali/ros2_ws/install/my_robot_controller/lib/python3.10/site-packages/my_robot_controller
[0.893s] byte-compiling /home/ali/ros2_ws/install/my_robot_controller/lib/python3.10/site-packages/my_robot_controller/subscriber.py to subscriber.cpython-310.pyc
[0.894s] byte-compiling /home/ali/ros2_ws/install/my_robot_controller/lib/python3.10/site-packages/my_robot_controller/publisher.py to publisher.cpython-310.pyc
[0.894s] byte-compiling /home/ali/ros2_ws/install/my_robot_controller/lib/python3.10/site-packages/my_robot_controller/__init__.py to __init__.cpython-310.pyc
[0.894s] running install_data
[0.894s] creating /home/ali/ros2_ws/install/my_robot_controller/share/ament_index
[0.894s] creating /home/ali/ros2_ws/install/my_robot_controller/share/ament_index/resource_index
[0.894s] creating /home/ali/ros2_ws/install/my_robot_controller/share/ament_index/resource_index/packages
[0.895s] copying resource/my_robot_controller -> /home/ali/ros2_ws/install/my_robot_controller/share/ament_index/resource_index/packages
[0.895s] copying package.xml -> /home/ali/ros2_ws/install/my_robot_controller/share/my_robot_controller
[0.895s] running install_egg_info
[0.896s] Copying ../../build/my_robot_controller/my_robot_controller.egg-info to /home/ali/ros2_ws/install/my_robot_controller/lib/python3.10/site-packages/my_robot_controller-0.0.0-py3.10.egg-info
[0.897s] running install_scripts
[0.917s] Installing publisher script to /home/ali/ros2_ws/install/my_robot_controller/lib/my_robot_controller
[0.917s] Installing subscriber script to /home/ali/ros2_ws/install/my_robot_controller/lib/my_robot_controller
[0.917s] writing list of installed files to '/home/ali/ros2_ws/build/my_robot_controller/install.log'
[0.939s] Invoked command in '/home/ali/ros2_ws/src/my_robot_controller' returned '0': PYTHONPATH=/home/ali/ros2_ws/build/my_robot_controller/prefix_override:/usr/lib/python3/dist-packages/colcon_core/task/python/colcon_distutils_commands:/home/ali/ros2_ws/install/my_robot_controller/lib/python3.10/site-packages:${PYTHONPATH} /usr/bin/python3 -W ignore:setup.py install is deprecated -W ignore:easy_install command is deprecated setup.py egg_info --egg-base ../../build/my_robot_controller build --build-base /home/ali/ros2_ws/build/my_robot_controller/build install --record /home/ali/ros2_ws/build/my_robot_controller/install.log --single-version-externally-managed install_data
